FAILURES BY QUESTION TYPE  (failed/answered)
  aggregation: rag 21/21  graphrag 17/21  agentic 0/21
  lookup: rag 0/19  graphrag 0/19  agentic 0/19
  multi_hop: rag 17/28  graphrag 12/28  agentic 2/28
  superlative: rag 6/10  graphrag 6/10  agentic 0/10
  temporal: rag 3/22  graphrag 3/22  agentic 0/22

== pub-001 [aggregation] FAILED: ['rag', 'graphrag']
Q: According to the provided corpus, how many biathlon events at the 2018 Winter Olympics had more than 73 competitors?
GOLD: ['5']
  rag -> '1'
  graphrag -> '4'

== pub-003 [aggregation] FAILED: ['rag', 'graphrag']
Q: According to the provided corpus, how many shooting events at the 2004 Summer Olympics had more than 37 competitors?
GOLD: ['8']
  rag -> '3'
  graphrag -> '6'

== pub-004 [superlative] FAILED: ['rag', 'graphrag']
Q: According to the provided corpus, which athletics event at the 2008 Summer Olympics had the highest number of competitors?
GOLD: ["Athletics at the 2008 Summer Olympics – Men's marathon"]
  rag -> "Athletics at the 2008 Summer Olympics – Women's marathon"
  graphrag -> "Athletics at the 2008 Summer Olympics – Men's 100 metres"

== pub-010 [aggregation] FAILED: ['rag', 'graphrag']
Q: According to the provided corpus, how many cycling events at the 2000 Summer Olympics had more than 30 competitors?
GOLD: ['4']
  rag -> '2'
  graphrag -> '3'

== pub-011 [multi_hop] FAILED: ['rag']
Q: Who won the gold medal in the event held at Richmond Olympic Oval on 14 February 2010?
GOLD: ['Martina Sáblíková']
  rag -> 'Not found in the corpus'

== pub-012 [aggregation] FAILED: ['rag', 'graphrag']
Q: According to the provided corpus, how many rowing events at the 2020 Summer Olympics had more than 36 competitors?
GOLD: ['6']
  rag -> '2'
  graphrag -> '4'

== pub-014 [multi_hop] FAILED: ['graphrag']
Q: Who won the gold medal in the event held at Riocentro – Pavilion 4 on 11–19 August at the 2016 Summer Olympics?
GOLD: ['Carolina Marín']
  graphrag -> 'Not found in the corpus'

== pub-015 [multi_hop] FAILED: ['rag']
Q: Who won the gold medal in the event held at London Velopark on 3 to 4 August at the 2012 Summer Olympics?
GOLD: ['Dani KingLaura TrottJoanna Rowsell']
  rag -> 'Not found in the corpus'

== pub-017 [multi_hop] FAILED: ['rag', 'graphrag']
Q: Who won the gold medal in the event held at Royal Artillery Barracks on 28 July 2012?
GOLD: ['Yi Siling']
  rag -> 'Not found in the corpus'
  graphrag -> 'Yi Siling, Kim Jang-Mi'

== pub-018 [temporal] FAILED: ['graphrag']
Q: Who won the gold medal in the men's freestyle 82 kg wrestling event at the Summer Olympics held immediately before 1996?
GOLD: ['Kevin Jackson']
  graphrag -> 'Not found in the corpus'

== pub-019 [aggregation] FAILED: ['rag', 'graphrag']
Q: According to the provided corpus, how many fencing events at the 1988 Summer Olympics had more than 68 competitors?
GOLD: ['3']
  rag -> '0'
  graphrag -> '0'

== pub-020 [aggregation] FAILED: ['rag', 'graphrag']
Q: According to the provided corpus, how many alpine skiing events at the 2014 Winter Olympics had more than 63 competitors?
GOLD: ['4']
  rag -> '2'
  graphrag -> '3'

== pub-021 [superlative] FAILED: ['rag', 'graphrag']
Q: According to the provided corpus, which alpine skiing event at the 1988 Winter Olympics had the highest number of competitors?
GOLD: ["Alpine skiing at the 1988 Winter Olympics – Men's giant slalom"]
  rag -> "Men's Super G"
  graphrag -> "Alpine skiing at the 1988 Winter Olympics – Men's slalom"

== pub-022 [multi_hop] FAILED: ['rag', 'graphrag']
Q: Who won the gold medal in the event held at Beijing Science and TechnologyUniversity Gymnasium on August 12, 2008?
GOLD: ['Ayumi Tanimoto']
  rag -> 'Not found in the corpus'
  graphrag -> 'Not found in the corpus'

== pub-024 [aggregation] FAILED: ['rag', 'graphrag']
Q: According to the provided corpus, how many biathlon events at the 2002 Winter Olympics had more than 74 competitors?
GOLD: ['3']
  rag -> '2'
  graphrag -> '2'

== pub-027 [aggregation] FAILED: ['rag', 'graphrag']
Q: According to the provided corpus, how many fencing events at the 2008 Summer Olympics had more than 32 competitors?
GOLD: ['4']
  rag -> '2'
  graphrag -> '3'

== pub-028 [multi_hop] FAILED: ['rag', 'graphrag']
Q: Who won the gold medal in the event held at Olympic Aquatic Centre on August 14, 2004 (heats & final)?
GOLD: ['Michael Phelps']
  rag -> 'Ian Thorpe'
  graphrag -> 'Michael Phelps, Ian Thorpe'

== pub-033 [aggregation] FAILED: ['rag']
Q: According to the provided corpus, how many judo events at the 2004 Summer Olympics had more than 32 competitors?
GOLD: ['4']
  rag -> '3'

== pub-037 [superlative] FAILED: ['rag']
Q: According to the provided corpus, which shooting event at the 2008 Summer Olympics had the highest number of competitors?
GOLD: ["Shooting at the 2008 Summer Olympics – Men's 50 metre rifle prone"]
  rag -> "Men's 10 metre air pistol"

== pub-038 [multi_hop] FAILED: ['rag', 'graphrag']
Q: Who won the gold medal in the event held at Sydney Convention and Exhibition Centre on 23 September 2000?
GOLD: ['Pyrros Dimas']
  rag -> 'Not found in the corpus'
  graphrag -> 'Not found in the corpus'

== pub-040 [temporal] FAILED: ['rag']
Q: Who won the gold medal in the individual normal hill/10 km nordic combined event at the Winter Olympics held immediately before 2014?
GOLD: ['Jason Lamy Chappuis']
  rag -> 'Not found in the corpus'

== pub-044 [superlative] FAILED: ['graphrag']
Q: According to the provided corpus, which fencing event at the 2008 Summer Olympics had the highest number of competitors?
GOLD: ["Fencing at the 2008 Summer Olympics – Men's épée"]
  graphrag -> "Fencing at the 2008 Summer Olympics – Women's foil"

== pub-045 [aggregation] FAILED: ['rag', 'graphrag']
Q: According to the provided corpus, how many athletics events at the 2004 Summer Olympics had more than 41 competitors?
GOLD: ['20']
  rag -> '2'
  graphrag -> '9'

== pub-051 [aggregation] FAILED: ['rag', 'graphrag']
Q: According to the provided corpus, how many canoeing events at the 2012 Summer Olympics had more than 25 competitors?
GOLD: ['6']
  rag -> '2'
  graphrag -> '4'

== pub-053 [superlative] FAILED: ['rag']
Q: According to the provided corpus, which shooting event at the 2016 Summer Olympics had the highest number of competitors?
GOLD: ["Shooting at the 2016 Summer Olympics – Women's 10 metre air rifle"]
  rag -> "Women's 25 metre pistol"

== pub-055 [temporal] FAILED: ['graphrag']
Q: Who won the gold medal in the men's 80 kg taekwondo event at the Summer Olympics held immediately before 2016?
GOLD: ['Sebastián Crismanich']
  graphrag -> 'Not found in the corpus'

== pub-058 [aggregation] FAILED: ['rag', 'graphrag']
Q: According to the provided corpus, how many rowing events at the 1996 Summer Olympics had more than 39 competitors?
GOLD: ['5']
  rag -> '1'
  graphrag -> '4'

== pub-060 [multi_hop] FAILED: ['rag', 'graphrag', 'agentic']
Q: Who won the gold medal in the event held at ExCeL Exhibition Centre on 30 July at the 2012 Summer Olympics?
GOLD: ['Yana Shemyakina']
  rag -> 'Not found in the corpus'
  graphrag -> 'Mansur Isaev, Kaori Matsumoto, Yana Shemyakina, Robeisy Ramírez'
  agentic -> 'Mansur Isaev, Kaori Matsumoto, Yana Shemyakina'
     stop=rule_sufficient  detail=evidence settled by rules (aggregate over known events, or a filtered lookup resolved to 1-3 events)  tokens=4456
     EVENTS: Events (3) best-overlap (>= 2 of 6 entities) of ['games:2012 summer olympics', 'games:2016 summer olympics', 'games:2020 summer olympics', 'games:2008 summer olympics', 'games:2000 summer olympics', 'venue:excel exhibition centre']: / Q1005551 | Judo at the 2012 Summer Olympics – Men's 73 kg | competitors=34 | nations=34 | date=30 July 2012 | venue=ExCeL Exhibition Centre | gold=Mansur Isaev | silve
     EVENTS: Events (3) intersect of ['games:2012 summer olympics', 'venue:excel exhibition centre']: / Q1005551 | Judo at the 2012 Summer Olympics – Men's 73 kg | competitors=34 | nations=34 | date=30 July 2012 | venue=ExCeL Exhibition Centre | gold=Mansur Isaev | silver=Riki Nakaya | bronze=Nyam-Ochir Sainjargal, Ugo Legrand / Q1064016 | Judo at the 2012 Summer Olympics – Women's 57 kg | competitors=25 | nations
     - orchestrator/llm args=[{"agent": "entity_linking", "args": {"mentions": ["ExCeL Exhibition Centre", "2012 Summer Olympics"]}, "addresses": "Identify the venue and games entities.", "rationale": "I need to link the venue and the games to the graph to perform a tr new=None 
     - entity_linking/entity_linking args={"mentions": ["ExCeL Exhibition Centre", "2012 Summer Olympics"]} new=['E1', 'E2', 'E3', 'E4', 'E5', 'E6', 'E7', 'E8', 'E9', 'E10', 'E11', 'E12'] 
     - graph_traversal/entity_events args={"op": "entity_events", "entity_ids": ["$linked"], "mode": "intersect", "date_contains": "30 July"} new=['E13'] 
     - orchestrator/llm args=[{"agent": "graph_traversal", "args": {"op": "entity_events", "entity_ids": ["venue:excel exhibition centre", "games:2012 summer olympics"], "mode": "intersect", "date_contains": "30 July"}, "addresses": "Identify the specific event and gol new=None 
     - graph_traversal/entity_events args={"op": "entity_events", "entity_ids": ["venue:excel exhibition centre", "games:2012 summer olympics"], "mode": "intersect", "date_contains": "30 July"} new=['E14'] 

== pub-064 [multi_hop] FAILED: ['rag', 'graphrag']
Q: Who won the gold medal in the event held at ANZ Stadium on 22 September 2000 (heats)25 September 2000 (final)?
GOLD: ['Gabriela Szabo']
  rag -> 'Haile Gebrselassie, Gabriela Szabo'
  graphrag -> 'Gabriela Szabo, Haile Gebrselassie'

== pub-065 [aggregation] FAILED: ['rag', 'graphrag']
Q: According to the provided corpus, how many biathlon events at the 2014 Winter Olympics had more than 68 competitors?
GOLD: ['5']
  rag -> '2'
  graphrag -> '4'

== pub-066 [superlative] FAILED: ['rag', 'graphrag']
Q: According to the provided corpus, which weightlifting event at the 1992 Summer Olympics had the highest number of competitors?
GOLD: ["Weightlifting at the 1992 Summer Olympics – Men's 75 kg"]
  rag -> "Weightlifting at the 1992 Summer Olympics – Men's 82.5 kg"
  graphrag -> "Weightlifting at the 1992 Summer Olympics – Men's 82.5 kg"

== pub-067 [multi_hop] FAILED: ['rag']
Q: Who won the gold medal in the event held at North Greenwich Arena on 4 August at the 2012 Summer Olympics?
GOLD: ['Rosannagh MacLennan']
  rag -> 'Not found in the corpus'

== pub-069 [aggregation] FAILED: ['rag']
Q: According to the provided corpus, how many fencing events at the 2000 Summer Olympics had more than 39 competitors?
GOLD: ['3']
  rag -> '2'

== pub-070 [aggregation] FAILED: ['rag']
Q: According to the provided corpus, how many speed skating events at the 2010 Winter Olympics had more than 36 competitors?
GOLD: ['3']
  rag -> '0'

== pub-072 [temporal] FAILED: ['rag']
Q: Who won the gold medal in the women's 500 metres speed skating event at the Winter Olympics held immediately before 2014?
GOLD: ['Lee Sang-hwa']
  rag -> 'Not found in the corpus'

== pub-076 [multi_hop] FAILED: ['rag']
Q: Who won the gold medal in the event held at Sestriere on February 24, 2006?
GOLD: ['Julia Mancuso']
  rag -> 'Not found in the corpus'

== pub-078 [aggregation] FAILED: ['rag', 'graphrag']
Q: According to the provided corpus, how many athletics events at the 1996 Summer Olympics had more than 49 competitors?
GOLD: ['7']
  rag -> '3'
  graphrag -> '5'

== pub-079 [multi_hop] FAILED: ['rag', 'graphrag']
Q: Who won the gold medal in the event held at Centennial Parklands, Sydney on 26 September at the 2000 Summer Olympics?
GOLD: ['Leontien Zijlaard']
  rag -> 'Not found in the corpus'
  graphrag -> 'Not found in the corpus'

== pub-081 [multi_hop] FAILED: ['rag']
Q: Who won the gold medal in the event held at Beijing Shooting Range Hall on August 10, 2008?
GOLD: ['Guo Wenjun']
  rag -> 'Guo Wenjun, David Kostelecký'

== pub-082 [aggregation] FAILED: ['rag', 'graphrag']
Q: According to the provided corpus, how many swimming events at the 1996 Summer Olympics had more than 42 competitors?
GOLD: ['12']
  rag -> '3'
  graphrag -> '8'

== pub-083 [multi_hop] FAILED: ['rag', 'graphrag']
Q: Who won the gold medal in the event held at Kvitfjell and Hafjell on February 20–21, 1994?
GOLD: ['Pernilla Wiberg']
  rag -> 'Not found in the corpus'
  graphrag -> 'Lasse Kjus'

== pub-084 [superlative] FAILED: ['graphrag']
Q: According to the provided corpus, which fencing event at the 1992 Summer Olympics had the highest number of competitors?
GOLD: ["Fencing at the 1992 Summer Olympics – Men's épée"]
  graphrag -> 'Not found in the corpus'

== pub-087 [aggregation] FAILED: ['rag', 'graphrag']
Q: According to the provided corpus, how many athletics events at the 1988 Summer Olympics had more than 41 competitors?
GOLD: ['17']
  rag -> '3'
  graphrag -> '3'

== pub-088 [superlative] FAILED: ['rag', 'graphrag']
Q: According to the provided corpus, which alpine skiing event at the 1992 Winter Olympics had the highest number of competitors?
GOLD: ["Alpine skiing at the 1992 Winter Olympics – Men's giant slalom"]
  rag -> "Alpine skiing at the 1992 Winter Olympics – Men's combined"
  graphrag -> "Alpine skiing at the 1992 Winter Olympics – Men's combined"

== pub-089 [aggregation] FAILED: ['rag', 'graphrag']
Q: According to the provided corpus, how many boxing events at the 1988 Summer Olympics had more than 39 competitors?
GOLD: ['5']
  rag -> '0'
  graphrag -> '3'

== pub-092 [aggregation] FAILED: ['rag', 'graphrag']
Q: According to the provided corpus, how many shooting events at the 1992 Summer Olympics had more than 44 competitors?
GOLD: ['6']
  rag -> '1'
  graphrag -> '0'

== pub-093 [aggregation] FAILED: ['rag']
Q: According to the provided corpus, how many biathlon events at the 2006 Winter Olympics had more than 72 competitors?
GOLD: ['4']
  rag -> '2'

== pub-094 [temporal] FAILED: ['rag', 'graphrag']
Q: Who won the gold medal in the men's greco-roman 48 kg wrestling event at the Summer Olympics held immediately before 1996?
GOLD: ['Oleg Kucherenko']
  rag -> 'Not found in the corpus'
  graphrag -> 'Not found in the corpus'

== pub-095 [multi_hop] FAILED: ['rag', 'graphrag']
Q: Who won the gold medal in the event held at Beijing National Stadium on 16 August 2008?
GOLD: ['Valerie Vili']
  rag -> 'Valeriy Borchin'
  graphrag -> 'Valeriy Borchin'

== pub-096 [multi_hop] FAILED: ['rag', 'graphrag']
Q: Who won the gold medal in the event held at Riocentro – Pavilion 6 on 10–21 August 2016?
GOLD: ['Fazliddin Gaibnazarov']
  rag -> 'Tony Yoka'
  graphrag -> 'Tony Yoka'

== pub-098 [multi_hop] FAILED: ['rag', 'graphrag']
Q: Who won the gold medal in the event held at Sydney Convention and Exhibition Centre on 18 September to 1 October 2000?
GOLD: ['Bekzat Sattarkhanov']
  rag -> 'Aleksandr Lebziak'
  graphrag -> 'Aleksandr Lebziak'

== pub-099 [multi_hop] FAILED: ['rag', 'agentic']
Q: Who won the gold medal in the event held at Laura Biathlon & Ski Complex on 22 February 2014?
GOLD: ['Erik LesserDaniel BöhmArnd PeifferSimon Schempp']
  rag -> 'Not found in the corpus'
  agentic -> 'Erik LesserDaniel BöhmArnd PeifferSimon Schempp, Marit Bjørgen'
     stop=rule_sufficient  detail=evidence settled by rules (aggregate over known events, or a filtered lookup resolved to 1-3 events)  tokens=2200
     EVENTS: Events (2) intersect of ['games:2014 winter olympics', 'venue:laura biathlon ski complex']: / Q15052014 | Biathlon at the 2014 Winter Olympics – Men's relay | competitors=76 | nations=19 | date=22 February 2014 | venue=Laura Biathlon & Ski Complex | gold=Erik LesserDaniel BöhmArnd PeifferSimon Schempp | silver=Christoph SumannDaniel MesotitschSimon EderDominik Landertinger | bronze=Tarjei BøJohannes
     - orchestrator/llm args=[{"agent": "entity_linking", "args": {"mentions": ["Laura Biathlon & Ski Complex", "2014 Winter Olympics"]}, "addresses": "Identify the venue and games entities.", "rationale": "I need to link the venue and the specific Olympic games to que new=None 
     - entity_linking/entity_linking args={"mentions": ["Laura Biathlon & Ski Complex", "2014 Winter Olympics"]} new=['E1', 'E2', 'E3', 'E4', 'E5', 'E6', 'E7', 'E8', 'E9', 'E10', 'E11', 'E12'] 
     - graph_traversal/entity_events args={"op": "entity_events", "entity_ids": ["venue:Laura Biathlon & Ski Complex", "games:2014 winter olympics"], "mode": "intersect", "date_contains": "22 February 2014"} new=['E13'] 
